// Jest Snapshot v1, https://goo.gl/fbAQLP

exports[`TripleDotButton component renders correctly 1`] = `
<button
  class="w-10 h-10 text-gray-500 dark:text-gray-400 hover:bg-gray-100 dark:hover:bg-gray-700 focus:outline-none focus:ring-4 focus:ring-gray-200 dark:focus:ring-gray-700 rounded-lg float-right text-sm p-1.5"
  data-dropdown-toggle="dropdown"
  id="dropdownDefault"
  type="button"
>
  <svg
    aria-hidden="true"
    class="w-6 h-6"
    fill="none"
    stroke="currentColor"
    stroke-width="2"
    viewBox="0 0 24 24"
    xmlns="http://www.w3.org/2000/svg"
  >
    <path
      d="M12 5v.01M12 12v.01M12 19v.01M12 6a1 1 0 110-2 1 1 0 010 2zm0 7a1 1 0 110-2 1 1 0 010 2zm0 7a1 1 0 110-2 1 1 0 010 2z"
      stroke-linecap="round"
      stroke-linejoin="round"
    />
  </svg>
</button>
`;
